[2J[001;001H[=3h[2J[001;001H[2J[001;001H[8;056;240t[2J[001;001H[2J[001;001H[=3h[2J[001;001H[2J[001;001H[8;056;240t[2J[001;001H[2J[001;001H[=3h[2J[001;001H[2J[001;001H[8;042;160t[2J[001;001H[2J[001;001H[=3h[2J[001;001HBdsDxe: loading Boot0002 "UEFI Misc Device" from PciRoot(0x0)/Pci(0x3,0x0)
BdsDxe: starting Boot0002 "UEFI Misc Device" from PciRoot(0x0)/Pci(0x3,0x0)
[0m[30m[40m[2J[001;001H[0m[37m[40mPlease press 't' to show the boot menu on this console
EFI stub: Loaded initrd from LINUX_EFI_INITRD_MEDIA_GUID device path
[    0.000000][    T0] Linux version 6.12.0-160100.5-default (geeko@buildhost) (gcc-13 (SUSE Linux) 13.4.0, GNU ld (GNU Binutils; SUSE Linux 16) 2.45.0.20251103-1601002) #1 SMP PREEMPT_DYNAMIC Wed Sep  9 16:04:11 UTC 2026 (7ef63c9)
[    0.000000][    T0] Command line: BOOT_IMAGE=/boot/vmlinuz-6.12.0-160100.5-default root=UUID=c49fd901-4c60-40a8-80b4-993b1c7af2c0 console=tty0 console=ttyS0 lyra.portal-migration-test=1 enforcing=0
[    0.000000][    T0] BIOS-provided physical RAM map:
[    0.000000][    T0] BIOS-e820: [mem 0x0000000000000000-0x000000000009ffff] usable
[    0.000000][    T0] BIOS-e820: [mem 0x0000000000100000-0x00000000007fffff] usable
[    0.000000][    T0] BIOS-e820: [mem 0x0000000000800000-0x0000000000807fff] ACPI NVS
[    0.000000][    T0] BIOS-e820: [mem 0x0000000000808000-0x000000000080afff] usable
[    0.000000][    T0] BIOS-e820: [mem 0x000000000080b000-0x000000000080bfff] ACPI NVS
[    0.000000][    T0] BIOS-e820: [mem 0x000000000080c000-0x0000000000811fff] usable
[    0.000000][    T0] BIOS-e820: [mem 0x0000000000812000-0x0000000000812fff] reserved
[    0.000000][    T0] BIOS-e820: [mem 0x0000000000813000-0x0000000000813fff] usable
[    0.000000][    T0] BIOS-e820: [mem 0x0000000000814000-0x00000000008fffff] ACPI NVS
[    0.000000][    T0] BIOS-e820: [mem 0x0000000000900000-0x000000007e4f9fff] usable
[    0.000000][    T0] BIOS-e820: [mem 0x000000007e4fa000-0x000000007e6dcfff] reserved
[    0.000000][    T0] BIOS-e820: [mem 0x000000007e6dd000-0x000000007e6ebfff] usable
[    0.000000][    T0] BIOS-e820: [mem 0x000000007e6ec000-0x000000007e7fffff] reserved
[    0.000000][    T0] BIOS-e820: [mem 0x000000007e800000-0x000000007f8ecfff] usable
[    0.000000][    T0] BIOS-e820: [mem 0x000000007f8ed000-0x000000007fb6cfff] reserved
[    0.000000][    T0] BIOS-e820: [mem 0x000000007fb6d000-0x000000007fb7efff] ACPI data
[    0.000000][    T0] BIOS-e820: [mem 0x000000007fb7f000-0x000000007fbfefff] ACPI NVS
[    0.000000][    T0] BIOS-e820: [mem 0x000000007fbff000-0x000000007febefff] usable
[    0.000000][    T0] BIOS-e820: [mem 0x000000007febf000-0x000000007fedefff] reserved
[    0.000000][    T0] BIOS-e820: [mem 0x000000007fedf000-0x000000007feebfff] usable
[    0.000000][    T0] BIOS-e820: [mem 0x000000007feec000-0x000000007ff6ffff] reserved
[    0.000000][    T0] BIOS-e820: [mem 0x000000007ff70000-0x000000007fffffff] ACPI NVS
[    0.000000][    T0] BIOS-e820: [mem 0x00000000e0000000-0x00000000efffffff] reserved
[    0.000000][    T0] BIOS-e820: [mem 0x00000000feffc000-0x00000000feffffff] reserved
[    0.000000][    T0] BIOS-e820: [mem 0x00000000ffc00000-0x00000000ffffffff] reserved
[    0.000000][    T0] BIOS-e820: [mem 0x0000000100000000-0x000000013fffffff] usable
[    0.000000][    T0] NX (Execute Disable) protection: active
[    0.000000][    T0] APIC: Static calls initialized
[    0.000000][    T0] extended physical RAM map:
[    0.000000][    T0] reserve setup_data: [mem 0x0000000000000000-0x000000000009ffff] usable
[    0.000000][    T0] reserve setup_data: [mem 0x0000000000100000-0x00000000007fffff] usable
[    0.000000][    T0] reserve setup_data: [mem 0x0000000000800000-0x0000000000807fff] ACPI NVS
[    0.000000][    T0] reserve setup_data: [mem 0x0000000000808000-0x000000000080afff] usable
[    0.000000][    T0] reserve setup_data: [mem 0x000000000080b000-0x000000000080bfff] ACPI NVS
[    0.000000][    T0] reserve setup_data: [mem 0x000000000080c000-0x0000000000811fff] usable
[    0.000000][    T0] reserve setup_data: [mem 0x0000000000812000-0x0000000000812fff] reserved
[    0.000000][    T0] reserve setup_data: [mem 0x0000000000813000-0x0000000000813fff] usable
[    0.000000][    T0] reserve setup_data: [mem 0x0000000000814000-0x00000000008fffff] ACPI NVS
[    0.000000][    T0] reserve setup_data: [mem 0x0000000000900000-0x000000007d22e017] usable
[    0.000000][    T0] reserve setup_data: [mem 0x000000007d22e018-0x000000007d237c57] usable
[    0.000000][    T0] reserve setup_data: [mem 0x000000007d237c58-0x000000007d238017] usable
[    0.000000][    T0] reserve setup_data: [mem 0x000000007d238018-0x000000007d26b657] usable
[    0.000000][    T0] reserve setup_data: [mem 0x000000007d26b658-0x000000007e4f9fff] usable
[    0.000000][    T0] reserve setup_data: [mem 0x000000007e4fa000-0x000000007e6dcfff] reserved
[    0.000000][    T0] reserve setup_data: [mem 0x000000007e6dd000-0x000000007e6ebfff] usable
[    0.000000][    T0] reserve setup_data: [mem 0x000000007e6ec000-0x000000007e7fffff] reserved
[    0.000000][    T0] reserve setup_data: [mem 0x000000007e800000-0x000000007f8ecfff] usable
[    0.000000][    T0] reserve setup_data: [mem 0x000000007f8ed000-0x000000007fb6cfff] reserved
[    0.000000][    T0] reserve setup_data: [mem 0x000000007fb6d000-0x000000007fb7efff] ACPI data
[    0.000000][    T0] reserve setup_data: [mem 0x000000007fb7f000-0x000000007fbfefff] ACPI NVS
[    0.000000][    T0] reserve setup_data: [mem 0x000000007fbff000-0x000000007febefff] usable
[    0.000000][    T0] reserve setup_data: [mem 0x000000007febf000-0x000000007fedefff] reserved
[    0.000000][    T0] reserve setup_data: [mem 0x000000007fedf000-0x000000007feebfff] usable
[    0.000000][    T0] reserve setup_data: [mem 0x000000007feec000-0x000000007ff6ffff] reserved
[    0.000000][    T0] reserve setup_data: [mem 0x000000007ff70000-0x000000007fffffff] ACPI NVS
[    0.000000][    T0] reserve setup_data: [mem 0x00000000e0000000-0x00000000efffffff] reserved
[    0.000000][    T0] reserve setup_data: [mem 0x00000000feffc000-0x00000000feffffff] reserved
[    0.000000][    T0] reserve setup_data: [mem 0x00000000ffc00000-0x00000000ffffffff] reserved
[    0.000000][    T0] reserve setup_data: [mem 0x0000000100000000-0x000000013fffffff] usable
[    0.000000][    T0] efi: EFI v2.7 by EDK II
[    0.000000][    T0] efi: SMBIOS=0x7f96b000 OvmfDebugLog=0x7febf000 ACPI=0x7fb7e000 ACPI 2.0=0x7fb7e014 MEMATTR=0x7d2a3398 INITRD=0x7d27ae98 RNG=0x7fb73018 
[    0.000000][    T0] random: crng init done
[    0.000000][    T0] efi: Remove mem131: MMIO range=[0xffc00000-0xffffffff] (4MB) from e820 map
[    0.000000][    T0] secureboot: Secure boot disabled
[    0.000000][    T0] SMBIOS 2.8 present.
[    0.000000][    T0] DMI: QEMU Standard PC (Q35 + ICH9, 2009), BIOS unknown 02/02/2022
[    0.000000][    T0] DMI: Memory slots populated: 1/1
[    0.000000][    T0] Hypervisor detected: KVM
[    0.000000][    T0] last_pfn = 0x7feec max_arch_pfn = 0x400000000
[    0.000000][    T0] kvm-clock: Using msrs 4b564d01 and 4b564d00
[    0.000000][    T0] kvm-clock: using sched offset of 3010272064 cycles
[    0.000002][    T0] clocksource: kvm-clock: mask: 0xffffffffffffffff max_cycles: 0x1cd42e4dffb, max_idle_ns: 881590591483 ns
[    0.000004][    T0] tsc: Detected 2611.200 MHz processor
[    0.000095][    T0] last_pfn = 0x140000 max_arch_pfn = 0x400000000
[    0.000126][    T0] MTRR map: 4 entries (2 fixed + 2 variable; max 18), built from 8 variable MTRRs
[    0.000128][    T0] x86/PAT: Configuration [0-7]: WB  WC  UC- UC  WB  WP  UC- WT  
[    0.000167][    T0] last_pfn = 0x7feec max_arch_pfn = 0x400000000
[    0.007278][    T0] Using GB pages for direct mapping
[    0.008033][    T0] RAMDISK: [mem 0x77904000-0x79038fff]
[    0.008038][    T0] ACPI: Early table checksum verification disabled
[    0.008042][    T0] ACPI: RSDP 0x000000007FB7E014 000024 (v02 BOCHS )
[    0.008045][    T0] ACPI: XSDT 0x000000007FB7D0E8 000054 (v01 BOCHS  BXPC     00000001      01000013)
[    0.008050][    T0] ACPI: FACP 0x000000007FB79000 0000F4 (v03 BOCHS  BXPC     00000001 BXPC 00000001)
[    0.008053][    T0] ACPI: DSDT 0x000000007FB7A000 002189 (v01 BOCHS  BXPC     00000001 BXPC 00000001)
[    0.008055][    T0] ACPI: FACS 0x000000007FBDD000 000040
[    0.008057][    T0] ACPI: APIC 0x000000007FB78000 000080 (v03 BOCHS  BXPC     00000001 BXPC 00000001)
[    0.008059][    T0] ACPI: HPET 0x000000007FB77000 000038 (v01 BOCHS  BXPC     00000001 BXPC 00000001)
[    0.008061][    T0] ACPI: MCFG 0x000000007FB76000 00003C (v01 BOCHS  BXPC     00000001 BXPC 00000001)
[    0.008062][    T0] ACPI: WAET 0x000000007FB75000 000028 (v01 BOCHS  BXPC     00000001 BXPC 00000001)
[    0.008064][    T0] ACPI: BGRT 0x000000007FB74000 000038 (v01 INTEL  EDK2     00000002      01000013)
[    0.008066][    T0] ACPI: Reserving FACP table memory at [mem 0x7fb79000-0x7fb790f3]
[    0.008067][    T0] ACPI: Reserving DSDT table memory at [mem 0x7fb7a000-0x7fb7c188]
[    0.008067][    T0] ACPI: Reserving FACS table memory at [mem 0x7fbdd000-0x7fbdd03f]
[    0.008068][    T0] ACPI: Reserving APIC table memory at [mem 0x7fb78000-0x7fb7807f]
[    0.008068][    T0] ACPI: Reserving HPET table memory at [mem 0x7fb77000-0x7fb77037]
[    0.008068][    T0] ACPI: Reserving MCFG table memory at [mem 0x7fb76000-0x7fb7603b]
[    0.008069][    T0] ACPI: Reserving WAET table memory at [mem 0x7fb75000-0x7fb75027]
[    0.008069][    T0] ACPI: Reserving BGRT table memory at [mem 0x7fb74000-0x7fb74037]
[    0.008244][    T0] No NUMA configuration found
[    0.008245][    T0] Faking a node at [mem 0x0000000000000000-0x000000013fffffff]
[    0.008250][    T0] NODE_DATA(0) allocated [mem 0x13ffd3280-0x13fffdfff]
[    0.008360][    T0] Zone ranges:
[    0.008360][    T0]   DMA      [mem 0x0000000000001000-0x0000000000ffffff]
[    0.008361][    T0]   DMA32    [mem 0x0000000001000000-0x00000000ffffffff]
[    0.008362][    T0]   Normal   [mem 0x0000000100000000-0x000000013fffffff]
[    0.008363][    T0]   Device   empty
[    0.008363][    T0] Movable zone start for each node
[    0.008365][    T0] Early memory node ranges
[    0.008365][    T0]   node   0: [mem 0x0000000000001000-0x000000000009ffff]
[    0.008366][    T0]   node   0: [mem 0x0000000000100000-0x00000000007fffff]
[    0.008367][    T0]   node   0: [mem 0x0000000000808000-0x000000000080afff]
[    0.008367][    T0]   node   0: [mem 0x000000000080c000-0x0000000000811fff]
[    0.008368][    T0]   node   0: [mem 0x0000000000813000-0x0000000000813fff]
[    0.008368][    T0]   node   0: [mem 0x0000000000900000-0x000000007e4f9fff]
[    0.008368][    T0]   node   0: [mem 0x000000007e6dd000-0x000000007e6ebfff]
[    0.008369][    T0]   node   0: [mem 0x000000007e800000-0x000000007f8ecfff]
[    0.008369][    T0]   node   0: [mem 0x000000007fbff000-0x000000007febefff]
[    0.008370][    T0]   node   0: [mem 0x000000007fedf000-0x000000007feebfff]
[    0.008370][    T0]   node   0: [mem 0x0000000100000000-0x000000013fffffff]
[    0.008371][    T0] Initmem setup node 0 [mem 0x0000000000001000-0x000000013fffffff]
[    0.008478][    T0] On node 0, zone DMA: 1 pages in unavailable ranges
[    0.008484][    T0] On node 0, zone DMA: 96 pages in unavailable ranges
[    0.008485][    T0] On node 0, zone DMA: 8 pages in unavailable ranges
[    0.008485][    T0] On node 0, zone DMA: 1 pages in unavailable ranges
[    0.008486][    T0] On node 0, zone DMA: 1 pages in unavailable ranges
[    0.008490][    T0] On node 0, zone DMA: 236 pages in unavailable ranges
[    0.011656][    T0] On node 0, zone DMA32: 483 pages in unavailable ranges
[    0.011683][    T0] On node 0, zone DMA32: 276 pages in unavailable ranges
[    0.011692][    T0] On node 0, zone DMA32: 786 pages in unavailable ranges
[    0.011693][    T0] On node 0, zone DMA32: 32 pages in unavailable ranges
[    0.011951][    T0] On node 0, zone Normal: 276 pages in unavailable ranges
[    0.012250][    T0] ACPI: PM-Timer IO Port: 0x608
[    0.012261][    T0] ACPI: LAPIC_NMI (acpi_id[0xff] dfl dfl lint[0x1])
[    0.012286][    T0] IOAPIC[0]: apic_id 0, version 17, address 0xfec00000, GSI 0-23
[    0.012288][    T0] ACPI: INT_SRC_OVR (bus 0 bus_irq 0 global_irq 2 dfl dfl)
[    0.012290][    T0] ACPI: INT_SRC_OVR (bus 0 bus_irq 5 global_irq 5 high level)
[    0.012291][    T0] ACPI: INT_SRC_OVR (bus 0 bus_irq 9 global_irq 9 high level)
[    0.012291][    T0] ACPI: INT_SRC_OVR (bus 0 bus_irq 10 global_irq 10 high level)
[    0.012292][    T0] ACPI: INT_SRC_OVR (bus 0 bus_irq 11 global_irq 11 high level)
[    0.012295][    T0] ACPI: Using ACPI (MADT) for SMP configuration information
[    0.012295][    T0] ACPI: HPET id: 0x8086a201 base: 0xfed00000
[    0.012315][    T0] TSC deadline timer available
[    0.012319][    T0] CPU topo: Max. logical packages:   1
[    0.012319][    T0] CPU topo: Max. logical dies:       1
[    0.012320][    T0] CPU topo: Max. dies per package:   1
[    0.012322][    T0] CPU topo: Max. threads per core:   1
[    0.012323][    T0] CPU topo: Num. cores per package:     2
[    0.012323][    T0] CPU topo: Num. threads per package:   2
[    0.012324][    T0] CPU topo: Allowing 2 present CPUs plus 0 hotplug CPUs
[    0.012349][    T0] kvm-guest: APIC: eoi() replaced with kvm_guest_apic_eoi_write()
[    0.012361][    T0] kvm-guest: KVM setup pv remote TLB flush
[    0.012365][    T0] kvm-guest: setup PV sched yield
[    0.012377][    T0] PM: hibernation: Registered nosave memory: [mem 0x00000000-0x00000fff]
[    0.012378][    T0] PM: hibernation: Registered nosave memory: [mem 0x000a0000-0x000fffff]
[    0.012379][    T0] PM: hibernation: Registered nosave memory: [mem 0x00800000-0x00807fff]
[    0.012380][    T0] PM: hibernation: Registered nosave memory: [mem 0x0080b000-0x0080bfff]
[    0.012381][    T0] PM: hibernation: Registered nosave memory: [mem 0x00812000-0x00812fff]
[    0.012382][    T0] PM: hibernation: Registered nosave memory: [mem 0x00814000-0x008fffff]
[    0.012383][    T0] PM: hibernation: Registered nosave memory: [mem 0x7d286000-0x7d28efff]
[    0.012384][    T0] PM: hibernation: Registered nosave memory: [mem 0x7e4fa000-0x7e6dcfff]
[    0.012385][    T0] PM: hibernation: Registered nosave memory: [mem 0x7e6ec000-0x7e7fffff]
[    0.012386][    T0] PM: hibernation: Registered nosave memory: [mem 0x7f8ed000-0x7fbfefff]
[    0.012387][    T0] PM: hibernation: Registered nosave memory: [mem 0x7febf000-0x7fedefff]
[    0.012388][    T0] PM: hibernation: Registered nosave memory: [mem 0x7feec000-0xffffffff]
[    0.012390][    T0] [mem 0x80000000-0xdfffffff] available for PCI devices
[    0.012391][    T0] Booting paravirtualized kernel on KVM
[    0.012392][    T0] clocksource: refined-jiffies: mask: 0xffffffff max_cycles: 0xffffffff, max_idle_ns: 1910969940391419 ns
[    0.016175][    T0] setup_percpu: NR_CPUS:8192 nr_cpumask_bits:2 nr_cpu_ids:2 nr_node_ids:1
[    0.016354][    T0] percpu: Embedded 90 pages/cpu s245760 r8192 d114688 u1048576
[    0.016390][    T0] kvm-guest: PV spinlocks enabled
[    0.016391][    T0] PV qspinlock hash table entries: 256 (order: 0, 4096 bytes, linear)
[    0.016394][    T0] Kernel command line: BOOT_IMAGE=/boot/vmlinuz-6.12.0-160100.5-default root=UUID=c49fd901-4c60-40a8-80b4-993b1c7af2c0 console=tty0 console=ttyS0 lyra.portal-migration-test=1 enforcing=0
[    0.016454][    T0] Unknown kernel command line parameters "BOOT_IMAGE=/boot/vmlinuz-6.12.0-160100.5-default", will be passed to user space.
[    0.016743][    T0] Dentry cache hash table entries: 524288 (order: 10, 4194304 bytes, linear)
[    0.016892][    T0] Inode-cache hash table entries: 262144 (order: 9, 2097152 bytes, linear)
[    0.016937][    T0] Fallback order for Node 0: 0 
[    0.016939][    T0] Built 1 zonelists, mobility grouping on.  Total pages: 784236
[    0.016940][    T0] Policy zone: Normal
[    0.016941][    T0] mem auto-init: stack:off, heap alloc:off, heap free:off
[    0.016945][    T0] software IO TLB: area num 2.
[    0.031816][    T0] SLUB: HWalign=64, Order=0-3, MinObjects=0, CPUs=2, Nodes=1
[    0.038390][    T0] ftrace: allocating 48641 entries in 192 pages
[    0.038392][    T0] ftrace: allocated 192 pages with 2 groups
[    0.038820][    T0] Dynamic Preempt: lazy
[    0.038967][    T0] rcu: Preemptible hierarchical RCU implementation.
[    0.038967][    T0] rcu: 	RCU event tracing is enabled.
[    0.038968][    T0] rcu: 	RCU restricting CPUs from NR_CPUS=8192 to nr_cpu_ids=2.
[    0.038969][    T0] 	Trampoline variant of Tasks RCU enabled.
[    0.038969][    T0] 	Rude variant of Tasks RCU enabled.
[    0.038969][    T0] 	Tracing variant of Tasks RCU enabled.
[    0.038970][    T0] rcu: RCU calculated value of scheduler-enlistment delay is 100 jiffies.
[    0.038970][    T0] rcu: Adjusting geometry for rcu_fanout_leaf=16, nr_cpu_ids=2
[    0.038976][    T0] RCU Tasks: Setting shift to 1 and lim to 1 rcu_task_cb_adjust=1 rcu_task_cpu_ids=2.
[    0.038978][    T0] RCU Tasks Rude: Setting shift to 1 and lim to 1 rcu_task_cb_adjust=1 rcu_task_cpu_ids=2.
[    0.038978][    T0] RCU Tasks Trace: Setting shift to 1 and lim to 1 rcu_task_cb_adjust=1 rcu_task_cpu_ids=2.
[    0.042459][    T0] NR_IRQS: 524544, nr_irqs: 440, preallocated irqs: 16
[    0.042640][    T0] rcu: srcu_init: Setting srcu_struct sizes based on contention.
[    0.042698][    T0] Console: colour dummy device 80x25
[    0.042700][    T0] printk: legacy console [tty0] enabled
[    0.042970][    T0] printk: legacy console [ttyS0] enabled
[    0.150979][    T0] ACPI: Core revision 20250807
[    0.151428][    T0] clocksource: hpet: mask: 0xffffffff max_cycles: 0xffffffff, max_idle_ns: 19112604467 ns
[    0.152300][    T0] APIC: Switch to symmetric I/O mode setup
[    0.152876][    T0] x2apic enabled
[    0.153333][    T0] APIC: Switched APIC routing to: physical x2apic
[    0.153785][    T0] kvm-guest: APIC: send_IPI_mask() replaced with kvm_send_ipi_mask()
[    0.154385][    T0] kvm-guest: APIC: send_IPI_mask_allbutself() replaced with kvm_send_ipi_mask_allbutself()
[    0.155119][    T0] kvm-guest: setup PV IPIs
[    0.156173][    T0] ..TIMER: vector=0x30 apic1=0 pin1=2 apic2=-1 pin2=-1
[    0.156683][    T0] clocksource: tsc-early: mask: 0xffffffffffffffff max_cycles: 0x25a39079a08, max_idle_ns: 440795310461 ns
[    0.157516][    T0] Calibrating delay loop (skipped) preset value.. 5222.40 BogoMIPS (lpj=2611200)
[    0.158290][    T0] x86/cpu: User Mode Instruction Prevention (UMIP) activated
[    0.158585][    T0] CET detected: Indirect Branch Tracking enabled
[    0.159517][    T0] Last level iTLB entries: 4KB 0, 2MB 0, 4MB 0
[    0.159948][    T0] Last level dTLB entries: 4KB 0, 2MB 0, 4MB 0, 1GB 0
[    0.160434][    T0] mitigations: Enabled attack vectors: user_kernel, user_user, guest_host, guest_guest, SMT mitigations: auto
[    0.160516][    T0] Speculative Store Bypass: Mitigation: Speculative Store Bypass disabled via prctl
[    0.161515][    T0] Spectre V2 : Mitigation: Enhanced / Automatic IBRS
[    0.162515][    T0] ITS: Mitigation: Aligned branch/return thunks
[    0.162954][    T0] Spectre V1 : Mitigation: usercopy/swapgs barriers and __user pointer sanitization
[    0.163517][    T0] Spectre V2 : Spectre v2 / PBRSB-eIBRS: Retire a single CALL on VMEXIT
[    0.164055][    T0] Spectre V2 : mitigation: Enabling conditional Indirect Branch Prediction Barrier
[    0.164515][    T0] active return thunk: its_return_thunk
[    0.164898][    T0] Spectre V2 : Spectre BHI mitigation: SW BHB clearing on syscall and VM exit
[    0.165534][    T0] x86/fpu: Supporting XSAVE feature 0x001: 'x87 floating point registers'
[    0.166124][    T0] x86/fpu: Supporting XSAVE feature 0x002: 'SSE registers'
[    0.166514][    T0] x86/fpu: Supporting XSAVE feature 0x004: 'AVX registers'
[    0.166986][    T0] x86/fpu: Supporting XSAVE feature 0x020: 'AVX-512 opmask'
[    0.167514][    T0] x86/fpu: Supporting XSAVE feature 0x040: 'AVX-512 Hi256'
[    0.167989][    T0] x86/fpu: Supporting XSAVE feature 0x080: 'AVX-512 ZMM_Hi256'
[    0.168515][    T0] x86/fpu: Supporting XSAVE feature 0x200: 'Protection Keys User registers'
[    0.169077][    T0] x86/fpu: Supporting XSAVE feature 0x800: 'Control-flow User registers'
[    0.169515][    T0] x86/fpu: xstate_offset[2]:  576, xstate_sizes[2]:  256
[    0.169951][    T0] x86/fpu: xstate_offset[5]:  832, xstate_sizes[5]:   64
[    0.170514][    T0] x86/fpu: xstate_offset[6]:  896, xstate_sizes[6]:  512
[    0.170950][    T0] x86/fpu: xstate_offset[7]: 1408, xstate_sizes[7]: 1024
[    0.171514][    T0] x86/fpu: xstate_offset[9]: 2432, xstate_sizes[9]:    8
[    0.171956][    T0] x86/fpu: xstate_offset[11]: 2440, xstate_sizes[11]:   16
[    0.172514][    T0] x86/fpu: xstate_offset[12]: 2456, xstate_sizes[12]:   24
[    0.172955][    T0] x86/fpu: Enabled xstate features 0x1ae7, context size is 2480 bytes, using 'compacted' format.
[    0.188176][    T0] Freeing SMP alternatives memory: 40K
[    0.188517][    T0] pid_max: default: 32768 minimum: 301
[    0.190267][    T0] LSM: initializing lsm=lockdown,capability,landlock,yama,selinux,bpf,ima,evm
[    0.190570][    T0] landlock: Up and running.
[    0.190856][    T0] Yama: becoming mindful.
[    0.191127][    T0] SELinux:  Initializing.
[    0.191744][    T0] LSM support for eBPF active
[    0.192083][    T0] Mount-cache hash table entries: 8192 (order: 4, 65536 bytes, linear)
[    0.192518][    T0] Mountpoint-cache hash table entries: 8192 (order: 4, 65536 bytes, linear)
[    0.193629][    T1] smpboot: CPU0: 11th Gen Intel(R) Core(TM) i5-11260H @ 2.60GHz (family: 0x6, model: 0x8d, stepping: 0x1)
[    0.194455][    T1] Performance Events: Icelake events, 
[    0.194477][    T1] core: The event 0x400 is not supported as a normal event.
[    0.194974][    T1] core: The event 0x8000 is not supported as a normal event.
[    0.195433][    T1] core: The event 0x8100 is not supported as a normal event.
[    0.195516][    T1] core: The event 0x8200 is not supported as a normal event.
[    0.196082][    T1] core: The event 0x8300 is not supported as a normal event.
[    0.196527][    T1] full-width counters, Intel PMU driver.
[    0.196991][    T1] ... version:                   2
[    0.197309][    T1] ... bit width:                 48
[    0.197515][    T1] ... generic counters:          8
[    0.197836][    T1] ... generic bitmap:            00000000000000ff
[    0.198235][    T1] ... fixed-purpose counters:    3
[    0.198515][    T1] ... fixed-purpose bitmap:      0000000000000007
[    0.198932][    T1] ... value mask:                0000ffffffffffff
[    0.199333][    T1] ... max period:                00007fffffffffff
[    0.199515][    T1] ... global_ctrl mask:          00000007000000ff
[    0.200011][    T1] signal: max sigframe size: 3632
[    0.200342][    T1] rcu: Hierarchical SRCU implementation.
[    0.200516][    T1] rcu: 	Max phase no-delay instances is 400.
[    0.201036][    T1] Timer migration: 1 hierarchy levels; 8 children per group; 1 crossnode level
[    0.202700][    T1] smp: Bringing up secondary CPUs ...
[    0.203108][    T1] smpboot: x86: Booting SMP configuration:
[    0.203472][    T1] .... node  #0, CPUs:      #1
[    0.203607][    T1] smp: Brought up 1 node, 2 CPUs
[    0.204516][    T1] smpboot: Total of 2 processors activated (10444.80 BogoMIPS)
[    0.205845][   T30] node 0 deferred pages initialised in 1ms
[    0.206525][    T1] Memory: 2932720K/3136944K available (16384K kernel code, 3104K rwdata, 13952K rodata, 4240K init, 6056K bss, 196460K reserved, 0K cma-reserved)
[    0.207584][    T1] devtmpfs: initialized
[    0.207584][    T1] x86/mm: Memory block size: 128MB
[    0.208535][    T1] ACPI: PM: Registering ACPI NVS region [mem 0x00800000-0x00807fff] (32768 bytes)
[    0.209132][    T1] ACPI: PM: Registering ACPI NVS region [mem 0x0080b000-0x0080bfff] (4096 bytes)
[    0.209516][    T1] ACPI: PM: Registering ACPI NVS region [mem 0x00814000-0x008fffff] (966656 bytes)
[    0.210116][    T1] ACPI: PM: Registering ACPI NVS region [mem 0x7fb7f000-0x7fbfefff] (524288 bytes)
[    0.210519][    T1] ACPI: PM: Registering ACPI NVS region [mem 0x7ff70000-0x7fffffff] (589824 bytes)
[    0.211145][    T1] clocksource: jiffies: mask: 0xffffffff max_cycles: 0xffffffff, max_idle_ns: 1911260446275000 ns
[    0.211520][    T1] futex hash table entries: 512 (order: 3, 32768 bytes, linear)
[    0.212092][    T1] pinctrl core: initialized pinctrl subsystem
[    0.212600][    T1] PM: RTC time: 12:42:23, date: 2026-09-28
[    0.213485][    T1] NET: Registered PF_NETLINK/PF_ROUTE protocol family
[    0.213599][    T1] DMA: preallocated 512 KiB GFP_KERNEL pool for atomic allocations
[    0.214122][    T1] DMA: preallocated 512 KiB GFP_KERNEL|GFP_DMA pool for atomic allocations
[    0.214517][    T1] DMA: preallocated 512 KiB GFP_KERNEL|GFP_DMA32 pool for atomic allocations
[    0.215092][    T1] audit: initializing netlink subsys (disabled)
[    0.215594][    T1] thermal_sys: Registered thermal governor 'fair_share'
[    0.215594][    T1] thermal_sys: Registered thermal governor 'bang_bang'
[    0.216043][    T1] thermal_sys: Registered thermal governor 'step_wise'
[    0.216476][    T1] thermal_sys: Registered thermal governor 'user_space'
[    0.216517][   T34] audit: type=2000 audit(1790599344.796:1): state=initialized audit_enabled=0 res=1
[    0.217524][    T1] cpuidle: using governor ladder
[    0.217835][    T1] cpuidle: using governor menu
[    0.218296][    T1] acpiphp: ACPI Hot Plug PCI Controller Driver version: 0.5
[    0.218595][    T1] PCI: ECAM [mem 0xe0000000-0xefffffff] (base 0xe0000000) for domain 0000 [bus 00-ff]
[    0.219244][    T1] PCI: Using configuration type 1 for base access
[    0.219567][    T1] virt/tdx: TDX not supported by the host platform
[    0.220060][    T1] kprobes: kprobe jump-optimization is enabled. All kprobes are optimized if possible.
[    0.223532][    T1] HugeTLB: registered 1.00 GiB page size, pre-allocated 0 pages
[    0.224071][    T1] HugeTLB: 16380 KiB vmemmap can be freed for a 1.00 GiB page
[    0.227516][    T1] HugeTLB: registered 2.00 MiB page size, pre-allocated 0 pages
[    0.228028][    T1] HugeTLB: 28 KiB vmemmap can be freed for a 2.00 MiB page
[    0.235906][    T1] fbcon: Taking over console
[    0.236233][    T1] ACPI: Added _OSI(Module Device)
[    0.236532][    T1] ACPI: Added _OSI(Processor Device)
[    0.236894][    T1] ACPI: Added _OSI(Processor Aggregator Device)
[    0.238112][    T1] ACPI: 1 ACPI AML tables successfully acquired and loaded
[    0.239927][    T1] ACPI: Interpreter enabled
[    0.239927][    T1] ACPI: PM: (supports S0 S3 S4 S5)
[    0.240242][    T1] ACPI: Using IOAPIC for interrupt routing
[    0.240582][    T1] PCI: Using host bridge windows from ACPI; if necessary, use "pci=nocrs" and report a bug
[    0.241247][    T1] PCI: Using E820 reservations for host bridge windows
[    0.241570][    T1] ACPI: Enabled 2 GPEs in block 00 to 3F
[    0.243217][    T1] ACPI: PCI Root Bridge [PCI0] (domain 0000 [bus 00-ff])
[    0.243520][    T1] acpi PNP0A08:00: _OSC: OS supports [ExtendedConfig ASPM ClockPM Segments MSI EDR HPX-Type3]
[    0.244266][    T1] acpi PNP0A08:00: _OSC: platform does not support [PCIeHotplug LTR DPC]
[    0.245560][    T1] acpi PNP0A08:00: _OSC: OS now controls [SHPCHotplug PME AER PCIeCapability]
[    0.246297][    T1] PCI host bridge to bus 0000:00
[    0.246517][    T1] pci_bus 0000:00: root bus resource [io  0x0000-0x0cf7 window]
[    0.247025][    T1] pci_bus 0000:00: root bus resource [io  0x0d00-0xffff window]
[    0.247516][    T1] pci_bus 0000:00: root bus resource [mem 0x000a0000-0x000bffff window]
[    0.248068][    T1] pci_bus 0000:00: root bus resource [mem 0x80000000-0xdfffffff window]
[    0.248515][    T1] pci_bus 0000:00: root bus resource [mem 0xf0000000-0xfebfffff window]
[    0.249077][    T1] pci_bus 0000:00: root bus resource [mem 0x7000000000-0x77ffffffff window]
[    0.249516][    T1] pci_bus 0000:00: root bus resource [bus 00-ff]
[    0.249972][    T1] pci 0000:00:00.0: [8086:29c0] type 00 class 0x060000 conventional PCI endpoint
[    0.250814][    T1] pci 0000:00:01.0: [1af4:1000] type 00 class 0x020000 conventional PCI endpoint
[    0.252994][    T1] pci 0000:00:01.0: BAR 0 [io  0x61a0-0x61bf]
[    0.257001][    T1] pci 0000:00:01.0: BAR 4 [mem 0x7000000000-0x7000003fff 64bit pref]
[    0.258445][    T1] pci 0000:00:01.0: ROM [mem 0xfffc0000-0xffffffff pref]
[    0.258878][    T1] pci 0000:00:02.0: [1af4:1001] type 00 class 0x010000 conventional PCI endpoint
[    0.260515][    T1] pci 0000:00:02.0: BAR 0 [io  0x6080-0x60ff]
[    0.263515][    T1] pci 0000:00:02.0: BAR 1 [mem 0x80846000-0x80846fff]
[    0.266009][    T1] pci 0000:00:02.0: BAR 4 [mem 0x7000004000-0x7000007fff 64bit pref]
[    0.267802][    T1] pci 0000:00:03.0: [1af4:1001] type 00 class 0x010000 conventional PCI endpoint
[    0.270004][    T1] pci 0000:00:03.0: BAR 0 [io  0x6000-0x607f]
[    0.271159][    T1] pci 0000:00:03.0: BAR 1 [mem 0x80845000-0x80845fff]
[    0.275962][    T1] pci 0000:00:03.0: BAR 4 [mem 0x7000008000-0x700000bfff 64bit pref]
[    0.277722][    T1] pci 0000:00:04.0: [1af4:1050] type 00 class 0x030000 conventional PCI endpoint
[    0.279035][    T1] pci 0000:00:04.0: BAR 0 [mem 0x80000000-0x807fffff pref]
[    0.281971][    T1] pci 0000:00:04.0: BAR 2 [mem 0x700000c000-0x700000ffff 64bit pref]
[    0.282957][    T1] pci 0000:00:04.0: BAR 4 [mem 0x80844000-0x80844fff]
[    0.286977][    T1] pci 0000:00:04.0: ROM [mem 0xffff0000-0xffffffff pref]
[    0.287496][    T1] pci 0000:00:04.0: Video device with shadowed ROM at [mem 0x000c0000-0x000dffff]
[    0.288894][    T1] pci 0000:00:05.0: [1af4:1052] type 00 class 0x090000 conventional PCI endpoint
[    0.290515][    T1] pci 0000:00:05.0: BAR 1 [mem 0x80843000-0x80843fff]
[    0.292363][    T1] pci 0000:00:05.0: BAR 4 [mem 0x7000010000-0x7000013fff 64bit pref]
[    0.293400][    T1] pci 0000:00:06.0: [1af4:1052] type 00 class 0x098000 conventional PCI endpoint
[    0.295490][    T1] pci 0000:00:06.0: BAR 1 [mem 0x80842000-0x80842fff]
[    0.298230][    T1] pci 0000:00:06.0: BAR 4 [mem 0x7000014000-0x7000017fff 64bit pref]
[    0.299378][    T1] pci 0000:00:07.0: [1af4:1003] type 00 class 0x078000 conventional PCI endpoint
[    0.301247][    T1] pci 0000:00:07.0: BAR 0 [io  0x6140-0x617f]
[    0.302196][    T1] pci 0000:00:07.0: BAR 1 [mem 0x80841000-0x80841fff]
[    0.304500][    T1] pci 0000:00:07.0: BAR 4 [mem 0x7000018000-0x700001bfff 64bit pref]
[    0.311327][    T1] pci 0000:00:1f.0: [8086:2918] type 00 class 0x060100 conventional PCI endpoint
[    0.312742][    T1] pci 0000:00:1f.0: quirk: [io  0x0600-0x067f] claimed by ICH6 ACPI/GPIO/TCO
[    0.313469][    T1] pci 0000:00:1f.2: [8086:2922] type 00 class 0x010601 conventional PCI endpoint
[    0.316516][    T1] pci 0000:00:1f.2: BAR 4 [io  0x6180-0x619f]
[    0.317433][    T1] pci 0000:00:1f.2: BAR 5 [mem 0x80840000-0x80840fff]
[    0.318235][    T1] pci 0000:00:1f.3: [8086:2930] type 00 class 0x0c0500 conventional PCI endpoint
[    0.320914][    T1] pci 0000:00:1f.3: BAR 4 [io  0x6100-0x613f]
[    0.322921][    T1] ACPI: PCI: Interrupt link LNKA configured for IRQ 10
[    0.323423][    T1] ACPI: PCI: Interrupt link LNKB configured for IRQ 10
[    0.323560][    T1] ACPI: PCI: Interrupt link LNKC configured for IRQ 11
[    0.324058][    T1] ACPI: PCI: Interrupt link LNKD configured for IRQ 11
[    0.325563][    T1] ACPI: PCI: Interrupt link LNKE configured for IRQ 10
[    0.326059][    T1] ACPI: PCI: Interrupt link LNKF configured for IRQ 10
[    0.326561][    T1] ACPI: PCI: Interrupt link LNKG configured for IRQ 11
[    0.327094][    T1] ACPI: PCI: Interrupt link LNKH configured for IRQ 11
[    0.327533][    T1] ACPI: PCI: Interrupt link GSIA configured for IRQ 16
[    0.327988][    T1] ACPI: PCI: Interrupt link GSIB configured for IRQ 17
[    0.328447][    T1] ACPI: PCI: Interrupt link GSIC configured for IRQ 18
[    0.329522][    T1] ACPI: PCI: Interrupt link GSID configured for IRQ 19
[    0.329985][    T1] ACPI: PCI: Interrupt link GSIE configured for IRQ 20
[    0.330443][    T1] ACPI: PCI: Interrupt link GSIF configured for IRQ 21
[    0.330521][    T1] ACPI: PCI: Interrupt link GSIG configured for IRQ 22
[    0.330975][    T1] ACPI: PCI: Interrupt link GSIH configured for IRQ 23
[    0.331683][    T1] iommu: Default domain type: Passthrough
[    0.332593][    T1] pps_core: LinuxPPS API ver. 1 registered
[    0.332986][    T1] pps_core: Software ver. 5.3.6 - Copyright 2005-2007 Rodolfo Giometti <giometti@linux.it>
[    0.333519][    T1] PTP clock support registered
[    0.333833][    T1] EDAC MC: Ver: 3.0.0
[    0.334202][    T1] efivars: Registered efivars operations
[    0.334202][    T1] OVMF debug log: firmware version: ""
[    0.334516][    T1] OVMF debug log: buffer size: 128k
[    0.335623][    T1] NetLabel: Initializing
[    0.335903][    T1] NetLabel:  domain hash size = 128
[    0.336235][    T1] NetLabel:  protocols = UNLABELED CIPSOv4 CALIPSO
[    0.336524][    T1] NetLabel:  unlabeled traffic allowed by default
[    0.336938][    T1] mctp: management component transport protocol core
[    0.337372][    T1] NET: Registered PF_MCTP protocol family
[    0.337521][    T1] PCI: Using ACPI for IRQ routing
[    0.416028][    T1] pci 0000:00:04.0: vgaarb: setting as boot VGA device
[    0.416028][    T1] pci 0000:00:04.0: vgaarb: bridge control possible
[    0.416429][    T1] pci 0000:00:04.0: vgaarb: VGA device added: decodes=io+mem,owns=io+mem,locks=none
[    0.416518][    T1] vgaarb: loaded
[    0.416755][    T1] hpet0: at MMIO 0xfed00000, IRQs 2, 8, 0
[    0.416986][    T1] hpet0: 3 comparators, 64-bit 100.000000 MHz counter
[    0.420565][    T1] clocksource: Switched to clocksource kvm-clock
[    0.421088][    T1] VFS: Disk quotas dquot_6.6.0
[    0.421427][    T1] VFS: Dquot-cache hash table entries: 512 (order 0, 4096 bytes)
[    0.422032][    T1] pnp: PnP ACPI init
[    0.422414][    T1] system 00:05: [mem 0xe0000000-0xefffffff window] has been reserved
[    0.423182][    T1] pnp: PnP ACPI: found 6 devices
[    0.429168][    T1] clocksource: acpi_pm: mask: 0xffffff max_cycles: 0xffffff, max_idle_ns: 2085701024 ns
[    0.429881][    T1] NET: Registered PF_INET protocol family
[    0.430406][    T1] IP idents hash table entries: 65536 (order: 7, 524288 bytes, linear)
[    0.438166][    T1] tcp_listen_portaddr_hash hash table entries: 2048 (order: 3, 32768 bytes, linear)
[    0.438803][    T1] Table-perturb hash table entries: 65536 (order: 6, 262144 bytes, linear)
[    0.439375][    T1] TCP established hash table entries: 32768 (order: 6, 262144 bytes, linear)
[    0.439973][    T1] TCP bind hash table entries: 32768 (order: 8, 1048576 bytes, linear)
[    0.440548][    T1] TCP: Hash tables configured (established 32768 bind 32768)
[    0.441070][    T1] MPTCP token hash table entries: 4096 (order: 5, 98304 bytes, linear)
[    0.441637][    T1] UDP hash table entries: 2048 (order: 4, 65536 bytes, linear)
[    0.442188][    T1] NET: Registered PF_UNIX/PF_LOCAL protocol family
[    0.442627][    T1] NET: Registered PF_XDP protocol family
[    0.443025][    T1] pci 0000:00:01.0: ROM [mem 0xfffc0000-0xffffffff pref]: can't claim; no compatible bridge window
[    0.443746][    T1] pci 0000:00:01.0: ROM [mem 0x80800000-0x8083ffff pref]: assigned
[    0.444270][    T1] pci_bus 0000:00: resource 4 [io  0x0000-0x0cf7 window]
[    0.444729][    T1] pci_bus 0000:00: resource 5 [io  0x0d00-0xffff window]
[    0.445181][    T1] pci_bus 0000:00: resource 6 [mem 0x000a0000-0x000bffff window]
[    0.445680][    T1] pci_bus 0000:00: resource 7 [mem 0x80000000-0xdfffffff window]
[    0.446176][    T1] pci_bus 0000:00: resource 8 [mem 0xf0000000-0xfebfffff window]
[    0.446671][    T1] pci_bus 0000:00: resource 9 [mem 0x7000000000-0x77ffffffff window]
[    0.447263][    T1] PCI: CLS 0 bytes, default 64
[    0.447608][    T1] PCI-DMA: Using software bounce buffering for IO (SWIOTLB)
[    0.447649][   T31] Trying to unpack rootfs image as initramfs...
[    0.448078][    T1] software IO TLB: mapped [mem 0x0000000073904000-0x0000000077904000] (64MB)
[    0.448116][    T1] RAPL PMU: API unit is 2^-32 Joules, 0 fixed counters, 10737418240 ms ovfl timer
[    0.449672][    T1] clocksource: tsc: mask: 0xffffffffffffffff max_cycles: 0x25a39079a08, max_idle_ns: 440795310461 ns
[    0.451087][    T1] Initialise system trusted keyrings
[    0.451450][    T1] Key type blacklist registered
[    0.451803][    T1] workingset: timestamp_bits=36 max_order=20 bucket_order=0
[    0.452298][    T1] zbud: loaded
[    0.452718][    T1] integrity: Platform Keyring initialized
[    0.453099][    T1] integrity: Machine keyring initialized
[    0.453464][    T1] Allocating IMA blacklist keyring.
[    0.507300][   T31] Freeing initrd memory: 23764K
[    0.523664][    T1] Key type asymmetric registered
[    0.524005][    T1] Asymmetric key parser 'x509' registered
[    0.524395][    T1] Block layer SCSI generic (bsg) driver version 0.4 loaded (major 246)
[    0.524973][    T1] io scheduler mq-deadline registered
[    0.525353][    T1] io scheduler kyber registered
[    0.525707][    T1] io scheduler bfq registered
[    0.526527][    T1] ledtrig-cpu: registered to indicate activity on CPUs
[    0.527013][    T1] shpchp: Standard Hot Plug PCI Controller Driver version: 0.4
[    0.527814][    T1] ACPI: \_SB_.GSIF: Enabled at IRQ 21
[    0.528677][    T1] ACPI: \_SB_.GSIG: Enabled at IRQ 22
[    0.529488][    T1] ACPI: \_SB_.GSIH: Enabled at IRQ 23
[    0.530288][    T1] ACPI: \_SB_.GSIE: Enabled at IRQ 20
[    0.532486][    T1] Serial: 8250/16550 driver, 32 ports, IRQ sharing enabled
[    0.533143][    T1] 00:03: ttyS0 at I/O 0x3f8 (irq = 4, base_baud = 115200) is a 16550A
[    0.540346][    T1] Non-volatile memory driver v1.3
[    0.540696][    T1] Linux agpgart interface v0.103
[    0.541088][    T1] ACPI: bus type drm_connector registered
[    0.541782][    T1] i8042: PNP: PS/2 Controller [PNP0303:KBD,PNP0f13:MOU] at 0x60,0x64 irq 1,12
[    0.542796][    T1] serio: i8042 KBD port at 0x60,0x64 irq 1
[    0.543185][    T1] serio: i8042 AUX port at 0x60,0x64 irq 12
[    0.543644][    T1] mousedev: PS/2 mouse device common for all mice
[    0.544134][    T1] rtc_cmos 00:04: RTC can wake from S4
[    0.544739][    T1] rtc_cmos 00:04: registered as rtc0
[    0.545133][    T1] rtc_cmos 00:04: setting system clock to 2026-09-28T12:42:24 UTC (1790599344)
[    0.545751][    T1] rtc_cmos 00:04: alarms up to one day, y3k, 242 bytes nvram
[    0.546245][    T1] intel_pstate: CPU model not supported
[    0.546753][    T1] simple-framebuffer simple-framebuffer.0: [drm] Registered 1 planes with drm panic
[    0.547371][    T1] [drm] Initialized simpledrm 1.0.0 for simple-framebuffer.0 on minor 0
[    0.548900][   T11] input: AT Translated Set 2 keyboard as /devices/platform/i8042/serio0/input/input0
[    0.549312][   T11] input: VirtualPS/2 VMware VMMouse as /devices/platform/i8042/serio1/input/input3
[    0.549419][   T11] input: VirtualPS/2 VMware VMMouse as /devices/platform/i8042/serio1/input/input2
[    0.549946][    T1] Console: switching to colour frame buffer device 160x50
[    0.553041][    T1] simple-framebuffer simple-framebuffer.0: [drm] fb0: simpledrmdrmfb frame buffer device
[    0.553738][    T1] hid: raw HID events driver (C) Jiri Kosina
[    0.554194][    T1] drop_monitor: Initializing network drop monitor service
[    0.554729][    T1] NET: Registered PF_INET6 protocol family
[    0.557940][    T1] Segment Routing with IPv6
[    0.558246][    T1] RPL Segment Routing with IPv6
[    0.558573][    T1] In-situ OAM (IOAM) with IPv6
[    0.559089][    T1] IPI shorthand broadcast: enabled
[    0.560449][    T1] sched_clock: Marking stable (450001884, 109867955)->(566600849, -6731010)
[    0.561175][    T1] registered taskstats version 1
[    0.561608][    T1] Loading compiled-in X.509 certificates
[    0.562020][    T1] Loaded X.509 cert 'SUSE Linux Products GmbH: ALP Secure Boot Signkey: 939dd72e1ee1ba7b2e5c14b8180da819d7822c79'
[    0.565242][    T1] Demotion targets for Node 0: null
[    0.565600][    T1] page_owner is disabled
[    0.565926][    T1] Key type .fscrypt registered
[    0.566239][    T1] Key type fscrypt-provisioning registered
[    0.579913][   T84] cryptd: max_cpu_qlen set to 1000
[    0.582641][   T84] AES CTR mode by8 optimization enabled
[    0.591087][    T1] Key type encrypted registered
[    0.591501][    T1] ima: No TPM chip found, activating TPM-bypass!
[    0.591922][    T1] Loading compiled-in module X.509 certificates
[    0.592338][    T1] Loaded X.509 cert 'SUSE Linux Products GmbH: ALP Secure Boot Signkey: 939dd72e1ee1ba7b2e5c14b8180da819d7822c79'
[    0.593609][    T1] ima: Allocated hash algorithm: sha256
[    0.594145][    T1] ima: No architecture policies found
[    0.594642][    T1] evm: Initialising EVM extended attributes:
[    0.595400][    T1] evm: security.selinux
[    0.595849][    T1] evm: security.SMACK64 (disabled)
[    0.596540][    T1] evm: security.SMACK64EXEC (disabled)
[    0.597047][    T1] evm: security.SMACK64TRANSMUTE (disabled)
[    0.597543][    T1] evm: security.SMACK64MMAP (disabled)
[    0.598204][    T1] evm: security.apparmor
[    0.598600][    T1] evm: security.ima
[    0.599159][    T1] evm: security.capability
[    0.599564][    T1] evm: HMAC attrs: 0x1
[    0.616789][  T162] alg: No test for mldsa87 (mldsa87-lib)
[    0.616813][  T164] alg: No test for mldsa44 (mldsa44-lib)
[    0.617927][  T163] alg: No test for mldsa65 (mldsa65-lib)
[    0.619381][    T1] Running certificate verification RSA selftest
[    0.642156][    T1] Loaded X.509 cert 'Certificate verification self-testing key: f58703bb33ce1b73ee02eccdee5b8817518fe3db'
[    0.643762][    T1] Running certificate verification ECDSA selftest
[    0.661502][    T1] Loaded X.509 cert 'Certificate verification ECDSA self-testing key: 2900bcea1deb7bc8479a84a23d758efdfdd2b2d3'
[    0.663730][    T1] PM:   Magic number: 10:81:735
[    0.665201][    T1] RAS: Correctable Errors collector initialized.
[    0.668360][    T1] clk: Disabling unused clocks
[    0.668810][    T1] PM: genpd: Disabling unused power domains
[    0.679066][    T1] Freeing unused decrypted memory: 2028K
[    0.680166][    T1] Freeing unused kernel image (initmem) memory: 4240K
[    0.680620][    T1] Write protecting the kernel read-only data: 30720k
[    0.681405][    T1] Freeing unused kernel image (rodata/data gap) memory: 384K
[    0.689834][    T1] x86/mm: Checked W+X mappings: passed, no W+X pages found.
[    0.690304][    T1] Run /init as init process
[    0.700176][    T1] systemd[1]: Successfully made /usr/ read-only.
[!p]104[?7h[    0.700828][    T1] systemd[1]: systemd 257.13+suse.131.g575b4807b7 running in system mode (+PAM +AUDIT +SELINUX -APPARMOR +IMA +IPE -SMACK +SECCOMP +GCRYPT +GNUTLS +OPENSSL +ACL +BLKID +CURL +ELFUTILS +FIDO2 +IDN2 -IDN +IPTC +KMOD +LIBCRYPTSETUP +LIBCRYPTSETUP_PLUGINS +LIBFDISK +PCRE2 +PWQUALITY +P11KIT +QRENCODE +TPM2 +BZIP2 +LZ4 +XZ +ZLIB +ZSTD +BPF_FRAMEWORK -BTF -XKBCOMMON -UTMP +SYSVINIT +LIBARCHIVE)
[    0.703177][    T1] systemd[1]: Detected virtualization kvm.
[    0.703844][    T1] systemd[1]: Detected architecture x86-64.
[    0.704460][    T1] systemd[1]: Running in initrd.
[0;1;39mBooting initrd of [0m[0;32mopenSUSE Leap 16.1  dracut-059+suse.737.g3b2043e31-160100.1.3 (Initramfs)[0m[0;1;39m.[0m
[    0.705816][    T1] systemd[1]: Hostname set to <lyra-portal-test>.
[    0.742386][    T1] systemd[1]: Queued start job for default target Initrd Default Target.
[    0.751181][    T1] systemd[1]: Started Dispatch Password Requests to Console Directory Watch.
[[0;32m  OK  [0m] Started [0;1;39mDispatch Password Requests to Console Directory Watch[0m.
[    0.752398][    T1] systemd[1]: Expecting device /dev/disk/by-uuid/7ACC-3953...
         Expecting device [0;1;39m/dev/disk/by-uuid/7ACC-3953[0m...
[    0.753511][    T1] systemd[1]: Expecting device /dev/disk/by-uuid/c49fd901-4c60-40a8-80b4-993b1c7af2c0...
         Expecting device [0;1;39m/dev/disk/by-uuid…d901-4c60-40a8-80b4-993b1c7af2c0[0m...
[    0.754800][    T1] systemd[1]: Reached target Initrd /usr File System.
[[0;32m  OK  [0m] Reached target [0;1;39mInitrd /usr File System[0m.
[    0.755641][    T1] systemd[1]: Reached target Path Units.
[[0;32m  OK  [0m] Reached target [0;1;39mPath Units[0m.
[    0.756566][    T1] systemd[1]: Reached target Slice Units.
[[0;32m  OK  [0m] Reached target [0;1;39mSlice Units[0m.
[    0.757485][    T1] systemd[1]: Reached target Swaps.
[[0;32m  OK  [0m] Reached target [0;1;39mSwaps[0m.
[    0.758355][    T1] systemd[1]: Reached target Timer Units.
[[0;32m  OK  [0m] Reached target [0;1;39mTimer Units[0m.
[    0.759321][    T1] systemd[1]: Listening on Journal Socket (/dev/log).
[[0;32m  OK  [0m] Listening on [0;1;39mJournal Socket (/dev/log)[0m.
[    0.760344][    T1] systemd[1]: Listening on Journal Sockets.
[[0;32m  OK  [0m] Listening on [0;1;39mJournal Sockets[0m.
[    0.761399][    T1] systemd[1]: Listening on udev Control Socket.
[[0;32m  OK  [0m] Listening on [0;1;39mudev Control Socket[0m.
[    0.762419][    T1] systemd[1]: Listening on udev Kernel Socket.
[[0;32m  OK  [0m] Listening on [0;1;39mudev Kernel Socket[0m.
[    0.763393][    T1] systemd[1]: Reached target Socket Units.
[[0;32m  OK  [0m] Reached target [0;1;39mSocket Units[0m.
[    0.764855][    T1] systemd[1]: Starting Create List of Static Device Nodes...
         Starting [0;1;39mCreate List of Static Device Nodes[0m...
[    0.767945][    T1] systemd[1]: Starting Journal Service...
         Starting [0;1;39mJournal Service[0m...
[    0.771937][    T1] systemd[1]: Starting Load Kernel Modules...
         Starting [0;1;39mLoad Kernel Modules[0m...
[    0.774937][    T1] systemd[1]: Starting Virtual Console Setup...
         Starting [0;1;39mVirtual Console Setup[0m...
[    0.776396][    T1] systemd[1]: Finished Create List of Static Device Nodes.
[[0;32m  OK  [0m] Finished [0;1;39mCreate List of Static Device Nodes[0m.
[    0.781209][    T1] systemd[1]: Starting Create Static Device Nodes in /dev gracefully...
         Starting [0;1;39mCreate Static Device Nodes in /dev gracefully[0m...
[    0.784816][  T270] systemd-journald[270]: Collecting audit messages is disabled.
[    0.791760][  T271] [drm] pci: virtio-vga detected at 0000:00:04.0
[    0.792939][    T1] systemd[1]: Finished Create Static Device Nodes in /dev gracefully.
[[0;32m  OK  [0m] Finished [0;1;39mCreate Static Device Nodes in /dev gracefully[0m.
[    0.796925][    T1] systemd[1]: Starting Create Static Device Nodes in /dev...
         Starting [0;1;39mCreate Static Device Nodes in /dev[0m...
[    0.800888][  T271] Console: switching to colour dummy device 80x25
[    0.801301][    T1] systemd[1]: Started Journal Service.
[[0;32m  OK  [0m] Started [0;1;39mJournal Service[0m.
[    0.805319][  T271] virtio-pci 0000:00:04.0: vgaarb: deactivate vga console
[    0.805752][  T271] [drm] features: -virgl +edid -resource_blob -host_visible
[    0.805753][  T271] [drm] features: -context_init
[    0.806807][  T271] [drm] number of scanouts: 1
[[0;32m  OK  [0m] Finished [0;1;39mCreate Static Device Nodes in /dev[0m.
[[0;32m  OK  [0m] Reached target [0;1;39mPreparation for Local File Systems[0m.
[[0;32m  OK  [0m] Reached target [0;1;39mLocal File Systems[0m.
[    0.808836][  T271] [drm] number of cap sets: 0
[    0.809217][  T271] virtio-pci 0000:00:04.0: [drm] Registered 1 planes with drm panic
[    0.809589][  T271] [drm] Initialized virtio_gpu 0.1.0 for 0000:00:04.0 on minor 1
         Starting [0;1;39mCreate System Files and Directories[0m...
[    0.811357][  T271] fbcon: virtio_gpudrmfb (fb0) is primary device
[    0.811432][  T271] Console: switching to colour frame buffer device 160x50
[    0.814774][  T271] virtio-pci 0000:00:04.0: [drm] fb0: virtio_gpudrmfb frame buffer device
[    0.822537][  T271] input: QEMU Virtio Keyboard as /devices/pci0000:00/0000:00:05.0/virtio4/input/input4
[[0;32m  OK  [0m] Finished [0;1;39mVirtual Console Setup[0m.
         Starting [0;1;39mdracut ask for additional cmdline parameters[0m...
[[0;32m  OK  [0m] Finished [0;1;39mCreate System Files and Directories[0m.
[    0.833711][  T271] input: QEMU Virtio Tablet as /devices/pci0000:00/0000:00:06.0/virtio5/input/input5
[[0;32m  OK  [0m] Finished [0;1;39mLoad Kernel Modules[0m.
         Starting [0;1;39mApply Kernel Variables[0m...
[[0;32m  OK  [0m] Finished [0;1;39mdracut ask for additional cmdline parameters[0m.
         Starting [0;1;39mdracut cmdline hook[0m...
[[0;32m  OK  [0m] Finished [0;1;39mApply Kernel Variables[0m.
[[0;32m  OK  [0m] Finished [0;1;39mdracut cmdline hook[0m.
         Starting [0;1;39mdracut pre-udev hook[0m...
[    0.906889][  T392] raid6: avx512x4 gen() 68625 MB/s
[    0.923898][  T392] raid6: avx512x2 gen() 72348 MB/s
[    0.940890][  T392] raid6: avx512x1 gen() 69405 MB/s
[    0.957894][  T392] raid6: avx2x4   gen() 56411 MB/s
[    0.974891][  T392] raid6: avx2x2   gen() 56538 MB/s
[    0.991896][  T392] raid6: avx2x1   gen() 47772 MB/s
[    0.992510][  T392] raid6: using algorithm avx512x2 gen() 72348 MB/s
[    1.008952][  T392] raid6: .... xor() 45583 MB/s, rmw enabled
[    1.009477][  T392] raid6: using avx512x2 recovery algorithm
[    1.010598][  T392] xor: automatically using best checksumming function   avx       
[    1.124821][  T392] Btrfs loaded, assert=on, zoned=yes, fsverity=yes
[[0;32m  OK  [0m] Finished [0;1;39mdracut pre-udev hook[0m.
         Starting [0;1;39mRule-based Manager for Device Events and Files[0m...
[[0;32m  OK  [0m] Started [0;1;39mRule-based Manager for Device Events and Files[0m.
         Starting [0;1;39mColdplug All udev Devices[0m...
[[0;32m  OK  [0m] Stopped [0;1;39mVirtual Console Setup[0m.
         Stopping [0;1;39mVirtual Console Setup[0m...
         Starting [0;1;39mVirtual Console Setup[0m...
[[0;32m  OK  [0m] Finished [0;1;39mColdplug All udev Devices[0m.
[[0;32m  OK  [0m] Finished [0;1;39mVirtual Console Setup[0m.
[[0;32m  OK  [0m] Reached target [0;1;39mSystem Initialization[0m.
[[0;32m  OK  [0m] Reached target [0;1;39mBasic System[0m.
         Starting [0;1;39mdracut initqueue hook[0m...
[    1.231295][  T433] virtio_blk virtio1: 2/0/0 default/read/poll queues
[    1.235498][  T433] virtio_blk virtio1: [vda] 41943040 512-byte logical blocks (21.5 GB/20.0 GiB)
[    1.243298][  T433] virtio_blk virtio2: 2/0/0 default/read/poll queues
[    1.244130][  T433] virtio_blk virtio2: [vdb] 1048576 512-byte logical blocks (537 MB/512 MiB)
[    1.250879][  T433]  vdb: vdb1
[[0;32m  OK  [0m] Stopped [0;1;39mVirtual Console Setup[0m.
         Stopping [0;1;39mVirtual Console Setup[0m...
[    1.255036][  T435] SCSI subsystem initialized
         Starting [0;1;39mVirtual Console Setup[0m...
[[0;32m  OK  [0m] Found device [0;1;39m/dev/disk/by-uuid/7ACC-3953[0m.
[[0;32m  OK  [0m] Found device [0;1;39m/dev/disk/by-uuid/c49fd901-4c60-40a8-80b4-993b1c7af2c0[0m.
[[0;32m  OK  [0m] Reached target [0;1;39mInitrd Root Device[0m.
[[0;32m  OK  [0m] Stopped [0;1;39mVirtual Console Setup[0m.
[    1.281257][  T435] ACPI: \_SB_.GSIA: Enabled at IRQ 16
         Starting [0;1;39mVirtu[    1.282595][  T435] ahci 0000:00:1f.2: AHCI vers 0001.0000, 32 command slots, 1.5 Gbps, SATA mode
al Console Setup[0m...
[    1.283230][  T435] ahci 0000:00:1f.2: 6/6 ports implemented (port mask 0x3f)
[    1.284331][  T435] ahci 0000:00:1f.2: flags: 64bit ncq only 
[    1.285641][  T435] scsi host0: ahci
[    1.286190][  T435] scsi host1: ahci
[    1.286783][  T435] scsi host2: ahci
[    1.287583][  T435] scsi host3: ahci
[    1.288088][  T435] scsi host4: ahci
[    1.288648][  T435] scsi host5: ahci
[    1.289650][  T435] ata1: SATA max UDMA/133 abar m4096@0x80840000 port 0x80840100 irq 39 lpm-pol 1
[    1.290542][  T435] ata2: SATA max UDMA/133 abar m4096@0x80840000 port 0x80840180 irq 39 lpm-pol 1
[    1.291178][  T435] ata3: SATA max UDMA/133 abar m4096@0x80840000 port 0x80840200 irq 39 lpm-pol 1
[    1.291785][  T435] ata4: SATA max UDMA/133 abar m4096@0x80840000 port 0x80840280 irq 39 lpm-pol 1
[    1.292924][  T435] ata5: SATA max UDMA/133 abar m4096@0x80840000 port 0x80840300 irq 39 lpm-pol 1
[    1.293575][  T435] ata6: SATA max UDMA/133 abar m4096@0x80840000 port 0x80840380 irq 39 lpm-pol 1
[[0;32m  OK  [0m] Finished [0;1;39mVirtual Console Setup[0m.
[    1.599471][  T490] ata3: SATA link up 1.5 Gbps (SStatus 113 SControl 300)
[    1.600095][  T486] ata1: SATA link down (SStatus 0 SControl 300)
[    1.600666][  T488] ata2: SATA link down (SStatus 0 SControl 300)
[    1.601595][  T494] ata5: SATA link down (SStatus 0 SControl 300)
[    1.602099][  T490] ata3.00: LPM support broken, forcing max_power
[    1.602929][  T490] ata3.00: ATAPI: QEMU DVD-ROM, 2.5+, max UDMA/100
[    1.603592][  T490] ata3.00: applying bridge limits
[    1.604283][  T490] ata3.00: LPM support broken, forcing max_power
[    1.604716][  T490] ata3.00: configured for UDMA/100
[    1.605476][  T496] ata6: SATA link down (SStatus 0 SControl 300)
[    1.606273][  T492] ata4: SATA link down (SStatus 0 SControl 300)
[    1.607127][  T116] scsi 2:0:0:0: CD-ROM            QEMU     QEMU DVD-ROM     2.5+ PQ: 0 ANSI: 5
[    1.624325][  T116] scsi 2:0:0:0: Attached scsi generic sg0 type 5
[    1.653060][  T419] sr 2:0:0:0: [sr0] scsi3-mmc drive: 4x/4x cd/rw xa/form2 tray
[    1.653590][  T419] cdrom: Uniform CD-ROM driver Revision: 3.20
[[0;32m  OK  [0m] Finished [0;1;39mdracut initqueue hook[0m.
[[0;32m  OK  [0m] Reached target [0;1;39mPreparation for Remote File Systems[0m.
[[0;32m  OK  [0m] Reached target [0;1;39mRemote File Systems[0m.
         Starting [0;1;39mdracut pre-mount hook[0m...
[[0;32m  OK  [0m] Finished [0;1;39mdracut pre-mount hook[0m.
         Starting [0;1;39mFile System Check on /dev…d901-4c60-40a8-80b4-993b1c7af2c0[0m...
[[0;32m  OK  [0m] Finished [0;1;39mFile System Check on /dev…9fd901-4c60-40a8-80b4-993b1c7af2c0[0m.
         Mounting [0;1;39m/sysroot[0m...
[    1.918165][  T523] BTRFS: device label lyra-portal-test devid 1 transid 184 /dev/vda (254:0) scanned by mount (523)
[    1.919349][  T523] BTRFS info (device vda): first mount of filesystem c49fd901-4c60-40a8-80b4-993b1c7af2c0
[    1.920019][  T523] BTRFS info (device vda): using crc32c (crc32c-x86) checksum algorithm
[    1.921821][  T523] BTRFS info (device vda): turning on async discard
[    1.922327][  T523] BTRFS info (device vda): enabling free space tree
[[0;32m  OK  [0m] Mounted [0;1;39m/sysroot[0m.
[[0;32m  OK  [0m] Reached target [0;1;39mInitrd Root File System[0m.
         Starting [0;1;39mMountpoints Configured in the Real Root[0m...
[[0;32m  OK  [0m] Finished [0;1;39mMountpoints Configured in the Real Root[0m.
[[0;32m  OK  [0m] Reached target [0;1;39mInitrd File Systems[0m.
[[0;32m  OK  [0m] Reached target [0;1;39mInitrd Default Target[0m.
         Starting [0;1;39mCleaning Up and Shutting Down Daemons[0m...
[[0;32m  OK  [0m] Stopped target [0;1;39mInitrd Default Target[0m.
[[0;32m  OK  [0m] Stopped target [0;1;39mBasic System[0m.
[[0;32m  OK  [0m] Stopped target [0;1;39mInitrd Root Device[0m.
[[0;32m  OK  [0m] Stopped target [0;1;39mInitrd /usr File System[0m.
[[0;32m  OK  [0m] Stopped target [0;1;39mPath Units[0m.
[[0;32m  OK  [0m] Stopped [0;1;39mDispatch Password Requests to Console Directory Watch[0m.
[[0;32m  OK  [0m] Stopped target [0;1;39mRemote File Systems[0m.
[[0;32m  OK  [0m] Stopped target [0;1;39mPreparation for Remote File Systems[0m.
[[0;32m  OK  [0m] Stopped target [0;1;39mSlice Units[0m.
[[0;32m  OK  [0m] Stopped target [0;1;39mSocket Units[0m.
[[0;32m  OK  [0m] Stopped target [0;1;39mSystem Initialization[0m.
[[0;32m  OK  [0m] Stopped target [0;1;39mSwaps[0m.
[[0;32m  OK  [0m] Stopped target [0;1;39mTimer Units[0m.
[[0;32m  OK  [0m] Stopped [0;1;39mdracut pre-mount hook[0m.
[[0;32m  OK  [0m] Stopped [0;1;39mdracut initqueue hook[0m.
[[0;32m  OK  [0m] Stopped [0;1;39mApply Kernel Variables[0m.
[[0;32m  OK  [0m] Stopped [0;1;39mLoad Kernel Modules[0m.
[[0;32m  OK  [0m] Stopped [0;1;39mCreate System Files and Directories[0m.
[[0;32m  OK  [0m] Stopped target [0;1;39mLocal File Systems[0m.
[[0;32m  OK  [0m] Stopped target [0;1;39mPreparation for Local File Systems[0m.
[[0;32m  OK  [0m] Stopped [0;1;39mColdplug All udev Devices[0m.
         Stopping [0;1;39mRule-based Manager for Device Events and Files[0m...
[[0;32m  OK  [0m] Finished [0;1;39mCleaning Up and Shutting Down Daemons[0m.
[[0;32m  OK  [0m] Stopped [0;1;39mRule-based Manager for Device Events and Files[0m.
[[0;32m  OK  [0m] Closed [0;1;39mudev Control Socket[0m.
[[0;32m  OK  [0m] Closed [0;1;39mudev Kernel Socket[0m.
[[0;32m  OK  [0m] Stopped [0;1;39mdracut pre-udev hook[0m.
[[0;32m  OK  [0m] Stopped [0;1;39mdracut cmdline hook[0m.
[[0;32m  OK  [0m] Stopped [0;1;39mdracut ask for additional cmdline parameters[0m.
         Starting [0;1;39mCleanup udev Database[0m...
[[0;32m  OK  [0m] Stopped [0;1;39mCreate Static Device Nodes in /dev[0m.
[[0;32m  OK  [0m] Stopped [0;1;39mCreate Static Device Nodes in /dev gracefully[0m.
[[0;32m  OK  [0m] Stopped [0;1;39mCreate List of Static Device Nodes[0m.
[[0;32m  OK  [0m] Stopped [0;1;39mVirtual Console Setup[0m.
[[0;32m  OK  [0m] Finished [0;1;39mCleanup udev Database[0m.
[[0;32m  OK  [0m] Reached target [0;1;39mSwitch Root[0m.
         Starting [0;1;39mSwitch Root[0m...
[    2.028849][  T270] systemd-journald[270]: Received SIGTERM from PID 1 (systemd).
[    2.128813][    T1] SELinux:  Permission allowed in class io_uring not defined in policy.
[    2.129434][    T1] SELinux: the above unknown classes and permissions will be allowed
[    2.131485][    T1] SELinux:  policy capability network_peer_controls=1
[    2.131992][    T1] SELinux:  policy capability open_perms=1
[    2.132663][    T1] SELinux:  policy capability extended_socket_class=1
[    2.133122][    T1] SELinux:  policy capability always_check_network=0
[    2.133723][    T1] SELinux:  policy capability cgroup_seclabel=1
[    2.134138][    T1] SELinux:  policy capability nnp_nosuid_transition=1
[    2.134793][    T1] SELinux:  policy capability genfs_seclabel_symlinks=1
[    2.135239][    T1] SELinux:  policy capability ioctl_skip_cloexec=0
[    2.135921][    T1] SELinux:  policy capability userspace_initial_context=0
[    2.168438][   T34] audit: type=1403 audit(1790599346.122:2): auid=4294967295 ses=4294967295 lsm=selinux res=1
[    2.169680][    T1] systemd[1]: Successfully loaded SELinux policy in 121.045ms.
[    2.189807][    T1] systemd[1]: Relabeled /dev/, /dev/shm/, /run/ in 4.934ms.
[!p]104[?7h[    2.191989][    T1] systemd[1]: systemd 257.13+suse.131.g575b4807b7 running in system mode (+PAM +AUDIT +SELINUX -APPARMOR +IMA +IPE -SMACK +SECCOMP +GCRYPT +GNUTLS +OPENSSL +ACL +BLKID +CURL +ELFUTILS +FIDO2 +IDN2 -IDN +IPTC +KMOD +LIBCRYPTSETUP +LIBCRYPTSETUP_PLUGINS +LIBFDISK +PCRE2 +PWQUALITY +P11KIT +QRENCODE +TPM2 +BZIP2 +LZ4 +XZ +ZLIB +ZSTD +BPF_FRAMEWORK -BTF -XKBCOMMON -UTMP +SYSVINIT +LIBARCHIVE)
[    2.194068][    T1] systemd[1]: Detected virtualization kvm.
[    2.194817][    T1] systemd[1]: Detected architecture x86-64.

[0;1;39mWelcome to [0m[0;32mopenSUSE Leap 16.1 [0m[0;1;39m![0m

[    2.365553][    T1] systemd[1]: bpf-restrict-fs: LSM BPF program attached
[    2.470719][    T1] systemd[1]: initrd-switch-root.service: Deactivated successfully.
[    2.471443][    T1] systemd[1]: Stopped Switch Root.
[[0;32m  OK  [0m] Stopped [0;1;39mSwitch Root[0m.
[    2.473148][    T1] systemd[1]: systemd-journald.service: Scheduled restart job, restart counter is at 1.
[    2.474277][    T1] systemd[1]: Created slice Slice /system/modprobe.
[[0;32m  OK  [0m] Created slice [0;1;39mSlice /system/modprobe[0m.
[    2.475659][    T1] systemd[1]: Created slice Slice /system/systemd-fsck.
[[0;32m  OK  [0m] Created slice [0;1;39mSlice /system/systemd-fsck[0m.
[    2.476933][    T1] systemd[1]: Started Dispatch Password Requests to Console Directory Watch.
[[0;32m  OK  [0m] Started [0;1;39mDispatch Password Requests to Console Directory Watch[0m.
[    2.478837][    T1] systemd[1]: Set up automount Arbitrary Executable File Formats File System Automount Point.
[[0;32m  OK  [0m] Set up automount [0;1;39mArbitrary Executa…ormats File System Automount Point[0m.
[    2.480638][    T1] systemd[1]: Expecting device /dev/disk/by-uuid/7ACC-3953...
         Expecting device [0;1;39m/dev/disk/by-uuid/7ACC-3953[0m...
[    2.481790][    T1] systemd[1]: Expecting device /dev/vda...
         Expecting device [0;1;39m/dev/vda[0m...
[    2.482761][    T1] systemd[1]: Reached target Local Encrypted Volumes.
[[0;32m  OK  [0m] Reached target [0;1;39mLocal Encrypted Volumes[0m.
[    2.483802][    T1] systemd[1]: Stopped target Switch Root.
[[0;32m  OK  [0m] Stopped target [0;1;39mSwitch Root[0m.
[    2.484793][    T1] systemd[1]: Stopped target Initrd File Systems.
[[0;32m  OK  [0m] Stopped target [0;1;39mInitrd File Systems[0m.
[    2.485854][    T1] systemd[1]: Stopped target Initrd Root File System.
[[0;32m  OK  [0m] Stopped target [0;1;39mInitrd Root File System[0m.
[    2.487032][    T1] systemd[1]: Reached target Local Integrity Protected Volumes.
[[0;32m  OK  [0m] Reached target [0;1;39mLocal Integrity Protected Volumes[0m.
[    2.488283][    T1] systemd[1]: Reached target Swaps.
[[0;32m  OK  [0m] Reached target [0;1;39mSwaps[0m.
[    2.489171][    T1] systemd[1]: Reached target Local Verity Protected Volumes.
[[0;32m  OK  [0m] Reached target [0;1;39mLocal Verity Protected Volumes[0m.
[    2.491352][    T1] systemd[1]: Listening on LVM2 poll daemon socket.
[[0;32m  OK  [0m] Listening on [0;1;39mLVM2 poll daemon socket[0m.
[    2.493163][    T1] systemd[1]: Listening on udev Control Socket.
[[0;32m  OK  [0m] Listening on [0;1;39mudev Control Socket[0m.
[    2.494372][    T1] systemd[1]: Listening on udev Kernel Socket.
[[0;32m  OK  [0m] Listening on [0;1;39mudev Kernel Socket[0m.
[    2.496329][    T1] systemd[1]: Mounting Huge Pages File System...
         Mounting [0;1;39mHuge Pages File System[0m...
[    2.498928][    T1] systemd[1]: Mounting POSIX Message Queue File System...
         Mounting [0;1;39mPOSIX Message Queue File System[0m...
[    2.506612][    T1] systemd[1]: Mounting Kernel Trace File System...
         Mounting [0;1;39mKernel Trace File System[0m...
[    2.508508][    T1] systemd[1]: Mounting Temporary Directory /tmp...
         Mounting [0;1;39mTemporary Directory /tmp[0m...
[    2.513918][    T1] systemd[1]: Starting Availability of block devices...
         Starting [0;1;39mAvailability of block devices[0m...
[    2.515956][    T1] systemd[1]: Starting Create List of Static Device Nodes...
         Starting [0;1;39mCreate List of Static Device Nodes[0m...
[    2.518966][    T1] systemd[1]: Starting Load Kernel Module configfs...
         Starting [0;1;39mLoad Kernel Module configfs[0m...
[    2.523011][    T1] systemd[1]: Starting Load Kernel Module efi_pstore...
         Starting [0;1;39mLoad Kernel Module efi_pstore[0m...
[    2.526586][    T1] systemd[1]: Starting Load Kernel Module fuse...
         Starting [0;1;39mLoad Kernel Module fuse[0m...
[    2.527921][    T1] systemd[1]: systemd-fsck-root.service: Deactivated successfully.
[    2.528546][    T1] systemd[1]: Stopped File System Check on Root Device.
[[0;32m  OK  [0m] Stopped [0;1;39mFile System Check on Root Device[0m.
[    2.530204][    T1] systemd[1]: Clear Stale Hibernate Storage Info skipped, unmet condition check ConditionPathExists=/sys/firmware/efi/efivars/HibernateLocation-8cf2644b-4b0b-428f-9387-6d876050dc67
[    2.534458][    T1] systemd[1]: Starting Journal Service...
         Starting [0;1;39mJournal Service[0m...
[    2.540963][    T1] systemd[1]: Starting Load Kernel Modules...
         Starting [0;1;39mLoad Kernel Modules[0m...
[    2.542369][  T581] fuse: init (API version 7.41)
[    2.543415][    T1] systemd[1]: Starting Remount Root and Kernel File Systems...
         Starting [0;1;39mRemount Root and Kernel File Systems[0m...
[    2.546993][    T1] systemd[1]: Starting Load udev Rules from Credentials...
         Starting [0;1;39mLoad udev Rules from Credentials[0m...
[    2.553959][    T1] systemd[1]: Starting Coldplug All udev Devices...
         Starting [0;1;39mColdplug All udev Devices[0m...
[    2.557016][    T1] systemd[1]: Mounted Huge Pages File System.
[[0;32m  OK  [0m] Mounted [0;1;39mHuge Pages File System[0m.
[    2.558842][    T1] systemd[1]: Mounted POSIX Message Queue File System.
[[0;32m  OK  [0m] Mounted [0;1;39mPOSIX Message Queue File System[0m.
[    2.563050][    T1] systemd[1]: Mounted Kernel Trace File System.
[[0;32m  OK  [0m] Mounted [0;1;39mKernel Trace File System[0m.
[    2.568019][    T1] systemd[1]: Mounted Temporary Directory /tmp.
[[0;32m  OK  [0m] Mounted [0;1;39mTemporary Directory /tmp[0m.[    2.569191][  T582] systemd-journald[582]: Collecting audit messages is disabled.

[    2.571078][    T1] systemd[1]: Finished Availability of block devices.
[[0;32m  OK  [0m] Finished [0;1;39mAvailability of block devices[0m.
[    2.573218][    T1] systemd[1]: Finished Create List of Static Device Nodes.
[[0;32m  OK  [0m] Finished [0;1;39mCreate List of Static Device Nodes[0m.
[    2.576565][    T1] systemd[1]: Started Journal Service.
[[0;32m  OK  [0m] Started [0;1;39mJournal Service[0m.
[[0;32m  OK  [0m] Finished [0;1;39mLoad Kernel Module configfs[0m.
[[0;32m  OK  [0m] Finished [0;1;39mLoad Kernel Module efi_pstore[0m.
[[0;32m  OK  [0m] Finished [0;1;39mLoad Kernel Module fuse[0m.
[[0;32m  OK  [0m] Finished [0;1;39mLoad Kernel Modules[0m.
[[0;32m  OK  [0m] Finished [0;1;39mRemount Root and Kernel File Systems[0m.
[[0;32m  OK  [0m] Finished [0;1;39mLoad udev Rules from Credentials[0m.
         Mounting [0;1;39mFUSE Control File System[0m...
         Mounting [0;1;39mKernel Configuration File System[0m...
         Starting [0;1;39mApply Kernel Variables for 6.12.0-160100.5-default[0m...
         Starting [0;1;39mCreate Static Device Nodes in /dev gracefully[0m...
[[0;32m  OK  [0m] Mounted [0;1;39mFUSE Control File System[0m.
[[0;32m  OK  [0m] Mounted [0;1;39mKernel Configuration File System[0m.
[[0;32m  OK  [0m] Finished [0;1;39mApply Kernel Variables for 6.12.0-160100.5-default[0m.
         Starting [0;1;39mApply Kernel Variables[0m...
[[0;32m  OK  [0m] Finished [0;1;39mColdplug All udev Devices[0m.
[[0;32m  OK  [0m] Finished [0;1;39mApply Kernel Variables[0m.
[[0;32m  OK  [0m] Finished [0;1;39mCreate Static Device Nodes in /dev gracefully[0m.
         Starting [0;1;39mCreate Static Device Nodes in /dev[0m...
[[0;32m  OK  [0m] Finished [0;1;39mCreate Static Device Nodes in /dev[0m.
[[0;32m  OK  [0m] Reached target [0;1;39mPreparation for Local File Systems[0m.
         Starting [0;1;39mRule-based Manager for Device Events and Files[0m...
[[0;32m  OK  [0m] Started [0;1;39mRule-based Manager for Device Events and Files[0m.
[    2.729853][  T626] virtio_net virtio0 enp0s1: renamed from eth0
[[0;32m  OK  [0m] Found device [0;1;39m/dev/disk/by-uuid/7ACC-3953[0m.
         Starting [0;1;39mFile System Check on /dev/disk/by-uuid/7ACC-3953[0m...
[    2.777557][  T634] input: Power Button as /devices/LNXSYSTM:00/LNXPWRBN:00/input/input6
[    2.786848][  T637] lpc_ich 0000:00:1f.0: I/O space for GPIO uninitialized
[[0;32m  OK  [0m] Finished [0;1;39mFile System Check on /dev/disk/by-uuid/7ACC-3953[0m.
[    2.792849][  T634] ACPI: button: Power Button [PWRF]
[    2.802405][  T623] parport_pc 00:02: reported by Plug and Play ACPI
[    2.806342][  T623] parport0: PC-style at 0x378, irq 7 [PCSPP,TRISTATE]
[    2.807467][  T119] i801_smbus 0000:00:1f.3: Enabling SMBus device
[    2.807978][  T119] i801_smbus 0000:00:1f.3: SMBus using PCI interrupt
[    2.811078][  T119] i2c i2c-0: Memory type 0x07 not supported yet, not instantiating SPD
[    2.826557][  T627] iTCO_vendor_support: vendor-support=0
[    2.839123][  T637] input: PC Speaker as /devices/platform/pcspkr/input/input7
         Starting [0;1;39mVirtual Console Setup[0m...
[    2.855337][  T627] iTCO_wdt iTCO_wdt.1.auto: Found a ICH9 TCO device (Version=2, TCOBASE=0x0660)
[    2.856480][  T627] iTCO_wdt iTCO_wdt.1.auto: initialized. heartbeat=30 sec (nowayout=0)
[[0;32m  OK  [0m] Finished [0;1;39mVirtual Console Setup[0m.
[    2.911940][  T633] ppdev: user-space parallel port driver
         Mounting [0;1;39m/.snapshots[0m...
         Mounting [0;1;39m/boot/efi[0m...
         Mounting [0;1;39m/home[0m...
         Mounting [0;1;39m/var[0m...
[[0;32m  OK  [0m] Mounted [0;1;39m/.snapshots[0m.
[[0;32m  OK  [0m] Mounted [0;1;39m/home[0m.
[[0;32m  OK  [0m] Mounted [0;1;39m/var[0m.
         Starting [0;1;39mFlush Journal to Persistent Storage[0m...
         Starting [0;1;39mLoad/Save OS Random Seed[0m...
         Starting [0;1;39mNetwork Time Synchronization[0m...
[    3.505949][  T582] systemd-journald[582]: Received client request to flush runtime journal.
[[0;32m  OK  [0m] Mounted [0;1;39m/boot/efi[0m.
[[0;32m  OK  [0m] Reached target [0;1;39mLocal File Systems[0m.
         Starting [0;1;39mApply a staged Lyra OS release upgrade[0m...
[[0;32m  OK  [0m] Started [0;1;39mNetwork Time Synchronization[0m.
[[0;32m  OK  [0m] Reached target [0;1;39mSystem Time Set[0m.
[[0;32m  OK  [0m] Finished [0;1;39mLoad/Save OS Random Seed[0m.
[[0;32m  OK  [0m] Finished [0;1;39mFlush Journal to Persistent Storage[0m.
         Starting [0;1;39mCreate System Files and Directories[0m...
[[0;32m  OK  [0m] Finished [0;1;39mCreate System Files and Directories[0m.
[[0;32m  OK  [0m] Reached target [0;1;39mSystem Initialization[0m.
[[0;32m  OK  [0m] Started [0;1;39mWatch for changes in CA certificates[0m.
         Starting [0;1;39mRestore /run/initramfs on shutdown[0m...
[[0;32m  OK  [0m] Started [0;1;39mDisposable portal migration control channel[0m.
         Starting [0;1;39mCleanup system data after soft-reboot[0m...
[[0;32m  OK  [0m] Finished [0;1;39mRestore /run/initramfs on shutdown[0m.
[[0;32m  OK  [0m] Finished [0;1;39mCleanup system data after soft-reboot[0m.
[[0;32m  OK  [0m] Reached target [0;1;39mPreparation for Network[0m.
[[0m[0;31m*     [0m] A start job is running for Apply a …OS release upgrade (3s / no limit)
M[K[[0;1;31m*[0m[0;31m*    [0m] A start job is running for Apply a …OS release upgrade (3s / no limit)
M[K[[0;31m*[0;1;31m*[0m[0;31m*   [0m] A start job is running for Apply a …OS release upgrade (4s / no limit)
M[K[[0;32m  OK  [0m] Removed slice [0;1;39mSlice /system/modprobe[0m.
[K[[0;32m  OK  [0m] Stopped target [0;1;39mPreparation for Network[0m.
[[0;32m  OK  [0m] Stopped target [0;1;39mSystem Time Set[0m.
[[0;32m  OK  [0m] Closed [0;1;39mLVM2 poll daemon socket[0m.
         Stopping [0;1;39mAvailability of block devices[0m...
         Stopping [0;1;39mRestore /run/initramfs on shutdown[0m...
[[0;32m  OK  [0m] Stopped [0;1;39mWatch for changes in CA certificates[0m.
         Stopping [0;1;39mDisposable portal migration control channel[0m...
[[0;32m  OK  [0m] Stopped [0;1;39mCleanup system data after soft-reboot[0m.
         Stopping [0;1;39mLoad/Save OS Random Seed[0m...
[[0;32m  OK  [0m] Stopped [0;1;39mLoad udev Rules from Credentials[0m.
[[0;32m  OK  [0m] Stopped [0;1;39mApply a staged Lyra OS release upgrade[0m.
[[0;32m  OK  [0m] Stopped [0;1;39mDisposable portal migration control channel[0m.
[[0;32m  OK  [0m] Stopped [0;1;39mAvailability of block devices[0m.
[[0;32m  OK  [0m] Stopped [0;1;39mRestore /run/initramfs on shutdown[0m.
[[0;32m  OK  [0m] Stopped target [0;1;39mSystem Initialization[0m.
[[0;32m  OK  [0m] Unset automount [0;1;39mArbitrary Executab…ormats File System Automount Point[0m.
[[0;32m  OK  [0m] Stopped target [0;1;39mLocal Encrypted Volumes[0m.
[[0;32m  OK  [0m] Stopped [0;1;39mDispatch Password Requests to Console Directory Watch[0m.
[[0;32m  OK  [0m] Stopped target [0;1;39mLocal Integrity Protected Volumes[0m.
[[0;32m  OK  [0m] Stopped target [0;1;39mLocal Verity Protected Volumes[0m.
[[0;32m  OK  [0m] Stopped [0;1;39mApply Kernel Variables[0m.
[[0;32m  OK  [0m] Stopped [0;1;39mApply Kernel Variables for 6.12.0-160100.5-default[0m.
[[0;32m  OK  [0m] Stopped [0;1;39mLoad Kernel Modules[0m.
         Stopping [0;1;39mNetwork Time Synchronization[0m...
[[0;32m  OK  [0m] Stopped [0;1;39mCreate System Files and Directories[0m.
[[0;32m  OK  [0m] Stopped target [0;1;39mLocal File Systems[0m.
         Unmounting [0;1;39m/.snapshots[0m...
         Unmounting [0;1;39m/boot/efi[0m...
         Unmounting [0;1;39m/home[0m...
         Unmounting [0;1;39mTemporary Directory /tmp[0m...
         Stopping [0;1;39mFlush Journal to Persistent Storage[0m...
[[0;32m  OK  [0m] Stopped [0;1;39mNetwork Time Synchronization[0m.
[[0;32m  OK  [0m] Stopped [0;1;39mLoad/Save OS Random Seed[0m.
[    7.227518][  T582] systemd-journald[582]: Received client request to relinquish /var/log/journal/a3c5b5d6e9964b7fb4a79609f3e27e06 access.
[[0;32m  OK  [0m] Unmounted [0;1;39m/.snapshots[0m.
[[0;32m  OK  [0m] Unmounted [0;1;39m/boot/efi[0m.
[[0;32m  OK  [0m] Unmounted [0;1;39m/home[0m.
[[0;32m  OK  [0m] Unmounted [0;1;39mTemporary Directory /tmp[0m.
[[0;32m  OK  [0m] Stopped target [0;1;39mSwaps[0m.
[[0;32m  OK  [0m] Stopped [0;1;39mFile System Check on /dev/disk/by-uuid/7ACC-3953[0m.
[[0;32m  OK  [0m] Removed slice [0;1;39mSlice /system/systemd-fsck[0m.
[[0;32m  OK  [0m] Stopped [0;1;39mFlush Journal to Persistent Storage[0m.
         Unmounting [0;1;39m/var[0m...
[[0;32m  OK  [0m] Unmounted [0;1;39m/var[0m.
[[0;32m  OK  [0m] Stopped target [0;1;39mPreparation for Local File Systems[0m.
[[0;32m  OK  [0m] Reached target [0;1;39mUnmount All Filesystems[0m.
[[0;32m  OK  [0m] Stopped [0;1;39mRemount Root and Kernel File Systems[0m.
[[0;32m  OK  [0m] Stopped [0;1;39mCreate Static Device Nodes in /dev[0m.
[[0;32m  OK  [0m] Stopped [0;1;39mCreate Static Device Nodes in /dev gracefully[0m.
[[0;32m  OK  [0m] Reached target [0;1;39mSystem Shutdown[0m.
[[0;32m  OK  [0m] Reached target [0;1;39mLate Shutdown Services[0m.
[[0;32m  OK  [0m] Finished [0;1;39mSystem Reboot[0m.
[[0;32m  OK  [0m] Reached target [0;1;39mSystem Reboot[0m.
[    7.393742][    T1] watchdog: watchdog0: watchdog did not stop!
[    7.397766][    T1] systemd-shutdown[1]: Using hardware watchdog 'iTCO_wdt', version 2, device /dev/watchdog0
[    7.398470][    T1] systemd-shutdown[1]: Watchdog running with a hardware timeout of 10min.
[    7.400270][    T1] systemd-shutdown[1]: Syncing filesystems and block devices.
[    7.408962][    T1] systemd-shutdown[1]: Sending SIGTERM to remaining processes...
[    7.412617][  T582] systemd-journald[582]: Received SIGTERM from PID 1 (systemd-shutdow).
[    7.432704][    T1] systemd-shutdown[1]: Sending SIGKILL to remaining processes...
[    7.434512][    T1] systemd-shutdown[1]: Unmounting file systems.
[    7.435458][  T835] (sd-umount)[835]: Unmounting '/run/credentials/systemd-journald.service'.
[    7.436462][  T836] (sd-remount)[836]: Remounting '/' read-only with options 'seclabel,discard=async,space_cache=v2,subvolid=256,subvol=/@'.
[    7.438645][    T1] systemd-shutdown[1]: All filesystems unmounted.
[    7.439125][    T1] systemd-shutdown[1]: Deactivating swaps.
[    7.439551][    T1] systemd-shutdown[1]: All swaps deactivated.
[    7.440023][    T1] systemd-shutdown[1]: Detaching loop devices.
[    7.441525][    T1] systemd-shutdown[1]: All loop devices detached.
[    7.442054][    T1] systemd-shutdown[1]: Stopping MD devices.
[    7.442935][    T1] systemd-shutdown[1]: All MD devices stopped.
[    7.443556][    T1] systemd-shutdown[1]: Detaching DM devices.
[    7.444409][    T1] systemd-shutdown[1]: All DM devices detached.
[    7.445090][    T1] systemd-shutdown[1]: All filesystems, swaps, loop devices, MD devices and DM devices detached.
[    7.446055][    T1] watchdog: watchdog0: watchdog did not stop!
[    7.446986][    T1] systemd-shutdown[1]: Syncing filesystems and block devices.
[    7.447549][    T1] systemd-shutdown[1]: Rebooting.
[    7.459925][    T1] Console: switching to colour dummy device 80x25
[    7.478026][    T1] ACPI: PM: Preparing to enter system sleep state S5
[    7.478430][    T1] kvm: exiting hardware virtualization
[    7.478809][    T1] reboot: Restarting system
[    7.479022][    T1] reboot: machine restart
